// Jest Snapshot v1, https://goo.gl/fbAQLP

exports[`renders correctly 1`] = `
<View
  style={
    Object {
      "alignItems": "center",
      "backgroundColor": "#1E88E5",
      "height": "100%",
      "padding": 15,
    }
  }
>
  <Text
    style={
      Object {
        "color": "#fff",
        "fontSize": 20,
      }
    }
  >
    Name
  </Text>
  <View
    style={
      Object {
        "alignItems": "center",
        "backgroundColor": "#fff",
        "borderRadius": 5,
        "height": 70,
        "marginBottom": 20,
        "marginTop": 5,
        "width": "100%",
      }
    }
  >
    <TextInput
      allowFontScaling={true}
      rejectResponderTermination={true}
      style={
        Object {
          "fontSize": 20,
          "height": "100%",
          "justifyContent": "center",
          "paddingHorizontal": 20,
          "width": "100%",
        }
      }
      underlineColorAndroid="transparent"
    />
  </View>
  <Text
    style={
      Object {
        "color": "#fff",
        "fontSize": 20,
      }
    }
  >
    Starting Location
  </Text>
  <View
    style={
      Object {
        "alignItems": "center",
        "backgroundColor": "#fff",
        "borderRadius": 5,
        "height": 70,
        "marginBottom": 20,
        "marginTop": 5,
        "width": "100%",
      }
    }
  >
    <TextInput
      allowFontScaling={true}
      rejectResponderTermination={true}
      style={
        Object {
          "fontSize": 20,
          "height": "100%",
          "justifyContent": "center",
          "paddingHorizontal": 20,
          "width": "100%",
        }
      }
      underlineColorAndroid="transparent"
    />
  </View>
  <Text
    style={
      Object {
        "color": "#fff",
        "fontSize": 20,
      }
    }
  >
    Final Location
  </Text>
  <View
    style={
      Object {
        "alignItems": "center",
        "backgroundColor": "#fff",
        "borderRadius": 5,
        "height": 70,
        "marginBottom": 20,
        "marginTop": 5,
        "width": "100%",
      }
    }
  >
    <TextInput
      allowFontScaling={true}
      rejectResponderTermination={true}
      style={
        Object {
          "fontSize": 20,
          "height": "100%",
          "justifyContent": "center",
          "paddingHorizontal": 20,
          "width": "100%",
        }
      }
      underlineColorAndroid="transparent"
    />
  </View>
  <View
    accessible={true}
    focusable={false}
    isTVSelectable={true}
    onClick={[Function]}
    onResponderGrant={[Function]}
    onResponderMove={[Function]}
    onResponderRelease={[Function]}
    onResponderTerminate={[Function]}
    onResponderTerminationRequest={[Function]}
    onStartShouldSetResponder={[Function]}
    style={
      Object {
        "alignItems": "center",
        "backgroundColor": "#2CCB70",
        "borderRadius": 5,
        "height": 50,
        "justifyContent": "center",
        "marginTop": 15,
        "opacity": 1,
        "width": "100%",
      }
    }
  >
    <Text
      style={
        Object {
          "color": "#0D47A1",
          "fontSize": 20,
          "fontWeight": "bold",
        }
      }
    >
      Add A Destination
    </Text>
  </View>
  <View
    accessible={true}
    focusable={false}
    isTVSelectable={true}
    onClick={[Function]}
    onResponderGrant={[Function]}
    onResponderMove={[Function]}
    onResponderRelease={[Function]}
    onResponderTerminate={[Function]}
    onResponderTerminationRequest={[Function]}
    onStartShouldSetResponder={[Function]}
    style={
      Object {
        "alignItems": "center",
        "backgroundColor": "#FDD835",
        "borderRadius": 5,
        "height": 50,
        "justifyContent": "center",
        "marginTop": 15,
        "opacity": 1,
        "width": "100%",
      }
    }
  >
    <Text
      style={
        Object {
          "color": "#0D47A1",
          "fontSize": 20,
          "fontWeight": "bold",
        }
      }
    >
      Send it!
    </Text>
  </View>
</View>
`;
