// Jest Snapshot v1, https://goo.gl/fbAQLP

exports[`renders correctly 1`] = `
<View
  style={
    Object {
      "alignItems": "center",
      "backgroundColor": "#1E88E5",
      "height": "100%",
      "justifyContent": "space-around",
      "padding": 15,
    }
  }
>
  <View>
    <Image
      source={
        Object {
          "uri": "https://i.imgur.com/ixGj1Nf.png",
        }
      }
      style={
        Object {
          "height": 300,
          "marginLeft": 20,
          "width": 300,
        }
      }
    />
  </View>
  <Text
    style={
      Object {
        "color": "#fff",
        "fontSize": 50,
        "fontWeight": "bold",
      }
    }
  >
    GlobeTrotter
  </Text>
  <View
    accessible={true}
    focusable={true}
    isTVSelectable={true}
    onClick={[Function]}
    onResponderGrant={[Function]}
    onResponderMove={[Function]}
    onResponderRelease={[Function]}
    onResponderTerminate={[Function]}
    onResponderTerminationRequest={[Function]}
    onStartShouldSetResponder={[Function]}
    style={
      Object {
        "alignItems": "center",
        "backgroundColor": "#2CCB70",
        "borderRadius": 5,
        "height": 50,
        "justifyContent": "center",
        "marginTop": 15,
        "opacity": 1,
        "width": "100%",
      }
    }
  >
    <Text
      style={
        Object {
          "color": "#0D47A1",
          "fontSize": 20,
          "fontWeight": "bold",
        }
      }
    >
      Get Started
    </Text>
  </View>
</View>
`;
