// Jest Snapshot v1, https://goo.gl/fbAQLP

exports[`renders correctly 1`] = `
<RCTScrollView
  contentContainerStyle={
    Object {
      "alignItems": "center",
      "backgroundColor": "#1E88E5",
      "height": "100%",
      "padding": 15,
    }
  }
  keyboardShouldPersistTaps="handled"
>
  <View>
    <Text
      style={
        Object {
          "color": "#fff",
          "fontSize": 20,
        }
      }
    >
      Destination
    </Text>
    <View
      style={
        Object {
          "alignItems": "center",
          "backgroundColor": "#fff",
          "borderRadius": 5,
          "height": 70,
          "marginBottom": 20,
          "marginTop": 5,
          "width": "100%",
        }
      }
    >
      <TextInput
        allowFontScaling={true}
        name="destination"
        onChangeText={[Function]}
        placeholder="City, Country"
        rejectResponderTermination={true}
        style={
          Object {
            "fontSize": 20,
            "height": "100%",
            "justifyContent": "center",
            "paddingHorizontal": 20,
            "width": "100%",
          }
        }
        underlineColorAndroid="transparent"
        value=""
      />
    </View>
    <View
      accessible={true}
      focusable={true}
      isTVSelectable={true}
      onClick={[Function]}
      onResponderGrant={[Function]}
      onResponderMove={[Function]}
      onResponderRelease={[Function]}
      onResponderTerminate={[Function]}
      onResponderTerminationRequest={[Function]}
      onStartShouldSetResponder={[Function]}
      style={
        Object {
          "alignItems": "center",
          "backgroundColor": "#2CCB70",
          "borderRadius": 5,
          "height": 50,
          "justifyContent": "center",
          "marginTop": 15,
          "opacity": 1,
          "width": "100%",
        }
      }
    >
      <Text
        style={
          Object {
            "color": "#0D47A1",
            "fontSize": 20,
            "fontWeight": "bold",
          }
        }
      >
        Select Dates
      </Text>
    </View>
  </View>
</RCTScrollView>
`;
